mode: set
github.com/calltelemetry/ct-review-bot/k8s-operator/main.go:35.13,39.2 3 0
github.com/calltelemetry/ct-review-bot/k8s-operator/main.go:41.13,44.2 2 0
github.com/calltelemetry/ct-review-bot/k8s-operator/api/v1alpha1/groupversion_info.go:38.13,40.2 1 1
github.com/calltelemetry/ct-review-bot/k8s-operator/api/v1alpha1/prreviewjob_types.go:163.37,164.14 1 1
github.com/calltelemetry/ct-review-bot/k8s-operator/api/v1alpha1/prreviewjob_types.go:164.14,166.3 1 1
github.com/calltelemetry/ct-review-bot/k8s-operator/api/v1alpha1/prreviewjob_types.go:167.2,167.33 1 1
github.com/calltelemetry/ct-review-bot/k8s-operator/api/v1alpha1/prreviewjob_types.go:167.33,169.3 1 1
github.com/calltelemetry/ct-review-bot/k8s-operator/api/v1alpha1/prreviewjob_types.go:170.2,170.43 1 1
github.com/calltelemetry/ct-review-bot/k8s-operator/api/v1alpha1/prreviewjob_types.go:170.43,173.3 2 1
github.com/calltelemetry/ct-review-bot/k8s-operator/api/v1alpha1/prreviewjob_types.go:174.2,174.26 1 1
github.com/calltelemetry/ct-review-bot/k8s-operator/api/v1alpha1/prreviewjob_types.go:174.26,176.3 1 1
github.com/calltelemetry/ct-review-bot/k8s-operator/api/v1alpha1/prreviewjob_types.go:180.50,181.14 1 1
github.com/calltelemetry/ct-review-bot/k8s-operator/api/v1alpha1/prreviewjob_types.go:181.14,183.3 1 1
github.com/calltelemetry/ct-review-bot/k8s-operator/api/v1alpha1/prreviewjob_types.go:184.2,184.35 1 1
github.com/calltelemetry/ct-review-bot/k8s-operator/api/v1alpha1/prreviewjob_types.go:188.45,189.14 1 1
github.com/calltelemetry/ct-review-bot/k8s-operator/api/v1alpha1/prreviewjob_types.go:189.14,191.3 1 1
github.com/calltelemetry/ct-review-bot/k8s-operator/api/v1alpha1/prreviewjob_types.go:192.2,192.31 1 1
github.com/calltelemetry/ct-review-bot/k8s-operator/api/v1alpha1/prreviewjob_types.go:196.54,197.40 1 1
github.com/calltelemetry/ct-review-bot/k8s-operator/api/v1alpha1/prreviewjob_types.go:197.40,199.3 1 1
github.com/calltelemetry/ct-review-bot/k8s-operator/api/v1alpha1/prreviewjob_types.go:200.2,200.25 1 1
github.com/calltelemetry/ct-review-bot/k8s-operator/api/v1alpha1/prreviewjob_types.go:204.49,205.50 1 1
github.com/calltelemetry/ct-review-bot/k8s-operator/api/v1alpha1/prreviewjob_types.go:205.50,207.3 1 1
github.com/calltelemetry/ct-review-bot/k8s-operator/api/v1alpha1/prreviewjob_types.go:208.2,208.36 1 1
github.com/calltelemetry/ct-review-bot/k8s-operator/api/v1alpha1/prreviewjob_types.go:208.36,210.3 1 0
github.com/calltelemetry/ct-review-bot/k8s-operator/api/v1alpha1/prreviewjob_types.go:211.2,211.35 1 1
github.com/calltelemetry/ct-review-bot/k8s-operator/api/v1alpha1/zz_generated.deepcopy.go:11.55,17.2 5 1
github.com/calltelemetry/ct-review-bot/k8s-operator/api/v1alpha1/zz_generated.deepcopy.go:20.48,21.15 1 1
github.com/calltelemetry/ct-review-bot/k8s-operator/api/v1alpha1/zz_generated.deepcopy.go:21.15,23.3 1 1
github.com/calltelemetry/ct-review-bot/k8s-operator/api/v1alpha1/zz_generated.deepcopy.go:24.2,26.12 3 1
github.com/calltelemetry/ct-review-bot/k8s-operator/api/v1alpha1/zz_generated.deepcopy.go:30.56,31.34 1 1
github.com/calltelemetry/ct-review-bot/k8s-operator/api/v1alpha1/zz_generated.deepcopy.go:31.34,33.3 1 1
github.com/calltelemetry/ct-review-bot/k8s-operator/api/v1alpha1/zz_generated.deepcopy.go:34.2,34.12 1 1
github.com/calltelemetry/ct-review-bot/k8s-operator/api/v1alpha1/zz_generated.deepcopy.go:38.63,42.21 4 1
github.com/calltelemetry/ct-review-bot/k8s-operator/api/v1alpha1/zz_generated.deepcopy.go:42.21,45.22 3 1
github.com/calltelemetry/ct-review-bot/k8s-operator/api/v1alpha1/zz_generated.deepcopy.go:45.22,47.4 1 1
github.com/calltelemetry/ct-review-bot/k8s-operator/api/v1alpha1/zz_generated.deepcopy.go:52.56,53.15 1 1
github.com/calltelemetry/ct-review-bot/k8s-operator/api/v1alpha1/zz_generated.deepcopy.go:53.15,55.3 1 1
github.com/calltelemetry/ct-review-bot/k8s-operator/api/v1alpha1/zz_generated.deepcopy.go:56.2,58.12 3 1
github.com/calltelemetry/ct-review-bot/k8s-operator/api/v1alpha1/zz_generated.deepcopy.go:62.60,63.34 1 1
github.com/calltelemetry/ct-review-bot/k8s-operator/api/v1alpha1/zz_generated.deepcopy.go:63.34,65.3 1 1
github.com/calltelemetry/ct-review-bot/k8s-operator/api/v1alpha1/zz_generated.deepcopy.go:66.2,66.12 1 1
github.com/calltelemetry/ct-review-bot/k8s-operator/api/v1alpha1/zz_generated.deepcopy.go:70.63,72.29 2 1
github.com/calltelemetry/ct-review-bot/k8s-operator/api/v1alpha1/zz_generated.deepcopy.go:72.29,76.3 3 1
github.com/calltelemetry/ct-review-bot/k8s-operator/api/v1alpha1/zz_generated.deepcopy.go:77.2,77.39 1 1
github.com/calltelemetry/ct-review-bot/k8s-operator/api/v1alpha1/zz_generated.deepcopy.go:77.39,81.3 3 1
github.com/calltelemetry/ct-review-bot/k8s-operator/api/v1alpha1/zz_generated.deepcopy.go:85.56,86.15 1 1
github.com/calltelemetry/ct-review-bot/k8s-operator/api/v1alpha1/zz_generated.deepcopy.go:86.15,88.3 1 1
github.com/calltelemetry/ct-review-bot/k8s-operator/api/v1alpha1/zz_generated.deepcopy.go:89.2,91.12 3 0
github.com/calltelemetry/ct-review-bot/k8s-operator/api/v1alpha1/zz_generated.deepcopy.go:95.67,97.31 2 1
github.com/calltelemetry/ct-review-bot/k8s-operator/api/v1alpha1/zz_generated.deepcopy.go:97.31,100.22 3 1
github.com/calltelemetry/ct-review-bot/k8s-operator/api/v1alpha1/zz_generated.deepcopy.go:100.22,102.4 1 1
github.com/calltelemetry/ct-review-bot/k8s-operator/api/v1alpha1/zz_generated.deepcopy.go:104.2,104.34 1 1
github.com/calltelemetry/ct-review-bot/k8s-operator/api/v1alpha1/zz_generated.deepcopy.go:104.34,107.29 3 1
github.com/calltelemetry/ct-review-bot/k8s-operator/api/v1alpha1/zz_generated.deepcopy.go:107.29,109.4 1 1
github.com/calltelemetry/ct-review-bot/k8s-operator/api/v1alpha1/zz_generated.deepcopy.go:111.2,111.25 1 1
github.com/calltelemetry/ct-review-bot/k8s-operator/api/v1alpha1/zz_generated.deepcopy.go:111.25,114.3 2 1
github.com/calltelemetry/ct-review-bot/k8s-operator/api/v1alpha1/zz_generated.deepcopy.go:115.2,115.30 1 1
github.com/calltelemetry/ct-review-bot/k8s-operator/api/v1alpha1/zz_generated.deepcopy.go:115.30,118.3 2 1
github.com/calltelemetry/ct-review-bot/k8s-operator/api/v1alpha1/zz_generated.deepcopy.go:119.2,119.26 1 1
github.com/calltelemetry/ct-review-bot/k8s-operator/api/v1alpha1/zz_generated.deepcopy.go:119.26,122.22 3 1
github.com/calltelemetry/ct-review-bot/k8s-operator/api/v1alpha1/zz_generated.deepcopy.go:122.22,124.4 1 1
github.com/calltelemetry/ct-review-bot/k8s-operator/api/v1alpha1/zz_generated.deepcopy.go:129.60,130.15 1 1
github.com/calltelemetry/ct-review-bot/k8s-operator/api/v1alpha1/zz_generated.deepcopy.go:130.15,132.3 1 1
github.com/calltelemetry/ct-review-bot/k8s-operator/api/v1alpha1/zz_generated.deepcopy.go:133.2,135.12 3 0
github.com/calltelemetry/ct-review-bot/k8s-operator/api/v1alpha1/zz_generated.deepcopy.go:139.63,141.26 2 1
github.com/calltelemetry/ct-review-bot/k8s-operator/api/v1alpha1/zz_generated.deepcopy.go:141.26,144.3 2 1
github.com/calltelemetry/ct-review-bot/k8s-operator/api/v1alpha1/zz_generated.deepcopy.go:148.56,149.15 1 1
github.com/calltelemetry/ct-review-bot/k8s-operator/api/v1alpha1/zz_generated.deepcopy.go:149.15,151.3 1 1
github.com/calltelemetry/ct-review-bot/k8s-operator/api/v1alpha1/zz_generated.deepcopy.go:152.2,154.12 3 0
github.com/calltelemetry/ct-review-bot/k8s-operator/controllers/prreviewjob_controller.go:63.47,64.27 1 1
github.com/calltelemetry/ct-review-bot/k8s-operator/controllers/prreviewjob_controller.go:64.27,66.3 1 1
github.com/calltelemetry/ct-review-bot/k8s-operator/controllers/prreviewjob_controller.go:69.103,73.61 3 1
github.com/calltelemetry/ct-review-bot/k8s-operator/controllers/prreviewjob_controller.go:73.61,74.29 1 1
github.com/calltelemetry/ct-review-bot/k8s-operator/controllers/prreviewjob_controller.go:74.29,75.29 1 1
github.com/calltelemetry/ct-review-bot/k8s-operator/controllers/prreviewjob_controller.go:75.29,77.5 1 1
github.com/calltelemetry/ct-review-bot/k8s-operator/controllers/prreviewjob_controller.go:78.4,79.29 2 1
github.com/calltelemetry/ct-review-bot/k8s-operator/controllers/prreviewjob_controller.go:81.3,81.28 1 0
github.com/calltelemetry/ct-review-bot/k8s-operator/controllers/prreviewjob_controller.go:84.2,89.105 3 1
github.com/calltelemetry/ct-review-bot/k8s-operator/controllers/prreviewjob_controller.go:89.105,91.20 2 1
github.com/calltelemetry/ct-review-bot/k8s-operator/controllers/prreviewjob_controller.go:91.20,93.4 1 1
github.com/calltelemetry/ct-review-bot/k8s-operator/controllers/prreviewjob_controller.go:95.3,96.14 2 1
github.com/calltelemetry/ct-review-bot/k8s-operator/controllers/prreviewjob_controller.go:96.14,98.71 2 1
github.com/calltelemetry/ct-review-bot/k8s-operator/controllers/prreviewjob_controller.go:98.71,101.5 2 0
github.com/calltelemetry/ct-review-bot/k8s-operator/controllers/prreviewjob_controller.go:102.4,102.29 1 1
github.com/calltelemetry/ct-review-bot/k8s-operator/controllers/prreviewjob_controller.go:102.29,104.5 1 1
github.com/calltelemetry/ct-review-bot/k8s-operator/controllers/prreviewjob_controller.go:105.4,106.29 2 1
github.com/calltelemetry/ct-review-bot/k8s-operator/controllers/prreviewjob_controller.go:109.3,109.20 1 1
github.com/calltelemetry/ct-review-bot/k8s-operator/controllers/prreviewjob_controller.go:109.20,113.4 3 1
github.com/calltelemetry/ct-review-bot/k8s-operator/controllers/prreviewjob_controller.go:115.3,116.28 2 0
github.com/calltelemetry/ct-review-bot/k8s-operator/controllers/prreviewjob_controller.go:120.2,120.27 1 1
github.com/calltelemetry/ct-review-bot/k8s-operator/controllers/prreviewjob_controller.go:120.27,122.15 2 1
github.com/calltelemetry/ct-review-bot/k8s-operator/controllers/prreviewjob_controller.go:122.15,123.50 1 1
github.com/calltelemetry/ct-review-bot/k8s-operator/controllers/prreviewjob_controller.go:123.50,133.56 4 1
github.com/calltelemetry/ct-review-bot/k8s-operator/controllers/prreviewjob_controller.go:133.56,135.6 1 0
github.com/calltelemetry/ct-review-bot/k8s-operator/controllers/prreviewjob_controller.go:137.4,138.29 2 1
github.com/calltelemetry/ct-review-bot/k8s-operator/controllers/prreviewjob_controller.go:143.2,146.28 4 1
github.com/calltelemetry/ct-review-bot/k8s-operator/controllers/prreviewjob_controller.go:146.28,148.47 2 1
github.com/calltelemetry/ct-review-bot/k8s-operator/controllers/prreviewjob_controller.go:148.47,151.4 2 0
github.com/calltelemetry/ct-review-bot/k8s-operator/controllers/prreviewjob_controller.go:152.3,152.63 1 1
github.com/calltelemetry/ct-review-bot/k8s-operator/controllers/prreviewjob_controller.go:153.8,153.23 1 1
github.com/calltelemetry/ct-review-bot/k8s-operator/controllers/prreviewjob_controller.go:153.23,155.3 1 0
github.com/calltelemetry/ct-review-bot/k8s-operator/controllers/prreviewjob_controller.go:158.2,161.28 4 1
github.com/calltelemetry/ct-review-bot/k8s-operator/controllers/prreviewjob_controller.go:161.28,163.50 2 1
github.com/calltelemetry/ct-review-bot/k8s-operator/controllers/prreviewjob_controller.go:163.50,166.4 2 0
github.com/calltelemetry/ct-review-bot/k8s-operator/controllers/prreviewjob_controller.go:167.3,180.50 10 1
github.com/calltelemetry/ct-review-bot/k8s-operator/controllers/prreviewjob_controller.go:180.50,186.4 2 1
github.com/calltelemetry/ct-review-bot/k8s-operator/controllers/prreviewjob_controller.go:188.3,196.54 2 1
github.com/calltelemetry/ct-review-bot/k8s-operator/controllers/prreviewjob_controller.go:196.54,198.4 1 0
github.com/calltelemetry/ct-review-bot/k8s-operator/controllers/prreviewjob_controller.go:199.3,200.28 2 1
github.com/calltelemetry/ct-review-bot/k8s-operator/controllers/prreviewjob_controller.go:201.8,201.23 1 1
github.com/calltelemetry/ct-review-bot/k8s-operator/controllers/prreviewjob_controller.go:201.23,203.3 1 0
github.com/calltelemetry/ct-review-bot/k8s-operator/controllers/prreviewjob_controller.go:206.2,206.33 1 1
github.com/calltelemetry/ct-review-bot/k8s-operator/controllers/prreviewjob_controller.go:206.33,213.45 6 1
github.com/calltelemetry/ct-review-bot/k8s-operator/controllers/prreviewjob_controller.go:213.45,216.4 2 1
github.com/calltelemetry/ct-review-bot/k8s-operator/controllers/prreviewjob_controller.go:217.3,217.43 1 1
github.com/calltelemetry/ct-review-bot/k8s-operator/controllers/prreviewjob_controller.go:217.43,219.4 1 1
github.com/calltelemetry/ct-review-bot/k8s-operator/controllers/prreviewjob_controller.go:220.3,220.50 1 1
github.com/calltelemetry/ct-review-bot/k8s-operator/controllers/prreviewjob_controller.go:220.50,222.4 1 1
github.com/calltelemetry/ct-review-bot/k8s-operator/controllers/prreviewjob_controller.go:224.3,232.28 2 1
github.com/calltelemetry/ct-review-bot/k8s-operator/controllers/prreviewjob_controller.go:232.28,234.4 1 1
github.com/calltelemetry/ct-review-bot/k8s-operator/controllers/prreviewjob_controller.go:235.3,235.54 1 1
github.com/calltelemetry/ct-review-bot/k8s-operator/controllers/prreviewjob_controller.go:235.54,237.4 1 0
github.com/calltelemetry/ct-review-bot/k8s-operator/controllers/prreviewjob_controller.go:239.3,239.34 1 1
github.com/calltelemetry/ct-review-bot/k8s-operator/controllers/prreviewjob_controller.go:239.34,242.4 2 1
github.com/calltelemetry/ct-review-bot/k8s-operator/controllers/prreviewjob_controller.go:243.3,246.20 3 1
github.com/calltelemetry/ct-review-bot/k8s-operator/controllers/prreviewjob_controller.go:246.20,248.4 1 1
github.com/calltelemetry/ct-review-bot/k8s-operator/controllers/prreviewjob_controller.go:249.3,250.14 2 1
github.com/calltelemetry/ct-review-bot/k8s-operator/controllers/prreviewjob_controller.go:250.14,252.71 2 0
github.com/calltelemetry/ct-review-bot/k8s-operator/controllers/prreviewjob_controller.go:252.71,255.5 2 0
github.com/calltelemetry/ct-review-bot/k8s-operator/controllers/prreviewjob_controller.go:256.4,256.29 1 0
github.com/calltelemetry/ct-review-bot/k8s-operator/controllers/prreviewjob_controller.go:256.29,258.5 1 0
github.com/calltelemetry/ct-review-bot/k8s-operator/controllers/prreviewjob_controller.go:259.4,260.29 2 0
github.com/calltelemetry/ct-review-bot/k8s-operator/controllers/prreviewjob_controller.go:263.3,263.20 1 1
github.com/calltelemetry/ct-review-bot/k8s-operator/controllers/prreviewjob_controller.go:263.20,266.4 2 1
github.com/calltelemetry/ct-review-bot/k8s-operator/controllers/prreviewjob_controller.go:268.3,268.28 1 0
github.com/calltelemetry/ct-review-bot/k8s-operator/controllers/prreviewjob_controller.go:271.2,271.30 1 1
github.com/calltelemetry/ct-review-bot/k8s-operator/controllers/prreviewjob_controller.go:271.30,278.45 6 1
github.com/calltelemetry/ct-review-bot/k8s-operator/controllers/prreviewjob_controller.go:278.45,279.59 1 1
github.com/calltelemetry/ct-review-bot/k8s-operator/controllers/prreviewjob_controller.go:279.59,282.5 2 1
github.com/calltelemetry/ct-review-bot/k8s-operator/controllers/prreviewjob_controller.go:284.3,284.43 1 1
github.com/calltelemetry/ct-review-bot/k8s-operator/controllers/prreviewjob_controller.go:284.43,286.4 1 1
github.com/calltelemetry/ct-review-bot/k8s-operator/controllers/prreviewjob_controller.go:287.3,287.62 1 1
github.com/calltelemetry/ct-review-bot/k8s-operator/controllers/prreviewjob_controller.go:287.62,288.29 1 1
github.com/calltelemetry/ct-review-bot/k8s-operator/controllers/prreviewjob_controller.go:288.29,290.5 1 1
github.com/calltelemetry/ct-review-bot/k8s-operator/controllers/prreviewjob_controller.go:293.3,301.28 2 1
github.com/calltelemetry/ct-review-bot/k8s-operator/controllers/prreviewjob_controller.go:301.28,303.4 1 1
github.com/calltelemetry/ct-review-bot/k8s-operator/controllers/prreviewjob_controller.go:304.3,304.54 1 1
github.com/calltelemetry/ct-review-bot/k8s-operator/controllers/prreviewjob_controller.go:304.54,306.4 1 0
github.com/calltelemetry/ct-review-bot/k8s-operator/controllers/prreviewjob_controller.go:308.3,308.34 1 1
github.com/calltelemetry/ct-review-bot/k8s-operator/controllers/prreviewjob_controller.go:308.34,311.4 2 1
github.com/calltelemetry/ct-review-bot/k8s-operator/controllers/prreviewjob_controller.go:312.3,315.20 3 1
github.com/calltelemetry/ct-review-bot/k8s-operator/controllers/prreviewjob_controller.go:315.20,317.4 1 1
github.com/calltelemetry/ct-review-bot/k8s-operator/controllers/prreviewjob_controller.go:318.3,319.14 2 1
github.com/calltelemetry/ct-review-bot/k8s-operator/controllers/prreviewjob_controller.go:319.14,321.71 2 0
github.com/calltelemetry/ct-review-bot/k8s-operator/controllers/prreviewjob_controller.go:321.71,324.5 2 0
github.com/calltelemetry/ct-review-bot/k8s-operator/controllers/prreviewjob_controller.go:325.4,325.29 1 0
github.com/calltelemetry/ct-review-bot/k8s-operator/controllers/prreviewjob_controller.go:325.29,327.5 1 0
github.com/calltelemetry/ct-review-bot/k8s-operator/controllers/prreviewjob_controller.go:328.4,329.29 2 0
github.com/calltelemetry/ct-review-bot/k8s-operator/controllers/prreviewjob_controller.go:332.3,332.20 1 1
github.com/calltelemetry/ct-review-bot/k8s-operator/controllers/prreviewjob_controller.go:332.20,335.4 2 1
github.com/calltelemetry/ct-review-bot/k8s-operator/controllers/prreviewjob_controller.go:337.3,337.28 1 0
github.com/calltelemetry/ct-review-bot/k8s-operator/controllers/prreviewjob_controller.go:340.2,341.27 2 1
github.com/calltelemetry/ct-review-bot/k8s-operator/controllers/prreviewjob_controller.go:344.121,367.21 3 1
github.com/calltelemetry/ct-review-bot/k8s-operator/controllers/prreviewjob_controller.go:367.21,369.3 1 1
github.com/calltelemetry/ct-review-bot/k8s-operator/controllers/prreviewjob_controller.go:370.2,370.12 1 1
github.com/calltelemetry/ct-review-bot/k8s-operator/controllers/prreviewjob_controller.go:373.113,433.21 4 1
github.com/calltelemetry/ct-review-bot/k8s-operator/controllers/prreviewjob_controller.go:433.21,435.3 1 1
github.com/calltelemetry/ct-review-bot/k8s-operator/controllers/prreviewjob_controller.go:436.2,436.15 1 1
github.com/calltelemetry/ct-review-bot/k8s-operator/controllers/prreviewjob_controller.go:439.74,445.67 2 0
github.com/calltelemetry/ct-review-bot/k8s-operator/controllers/prreviewjob_controller.go:445.67,449.3 1 0
github.com/calltelemetry/ct-review-bot/k8s-operator/controllers/prreviewjob_controller.go:451.2,451.28 1 0
github.com/calltelemetry/ct-review-bot/k8s-operator/controllers/prreviewjob_controller.go:456.79,457.15 1 1
github.com/calltelemetry/ct-review-bot/k8s-operator/controllers/prreviewjob_controller.go:457.15,459.3 1 1
github.com/calltelemetry/ct-review-bot/k8s-operator/controllers/prreviewjob_controller.go:460.2,460.16 1 1
github.com/calltelemetry/ct-review-bot/k8s-operator/controllers/prreviewjob_controller.go:460.16,462.3 1 1
github.com/calltelemetry/ct-review-bot/k8s-operator/controllers/prreviewjob_controller.go:464.2,468.32 4 1
github.com/calltelemetry/ct-review-bot/k8s-operator/controllers/prreviewjob_controller.go:468.32,469.14 1 1
github.com/calltelemetry/ct-review-bot/k8s-operator/controllers/prreviewjob_controller.go:469.14,471.4 1 1
github.com/calltelemetry/ct-review-bot/k8s-operator/controllers/prreviewjob_controller.go:472.3,473.121 2 1
github.com/calltelemetry/ct-review-bot/k8s-operator/controllers/prreviewjob_controller.go:473.121,475.4 1 1
github.com/calltelemetry/ct-review-bot/k8s-operator/controllers/prreviewjob_controller.go:475.9,475.189 1 1
github.com/calltelemetry/ct-review-bot/k8s-operator/controllers/prreviewjob_controller.go:475.189,477.4 1 1
github.com/calltelemetry/ct-review-bot/k8s-operator/controllers/prreviewjob_controller.go:477.9,477.112 1 1
github.com/calltelemetry/ct-review-bot/k8s-operator/controllers/prreviewjob_controller.go:477.112,479.4 1 1
github.com/calltelemetry/ct-review-bot/k8s-operator/controllers/prreviewjob_controller.go:482.2,482.47 1 1
github.com/calltelemetry/ct-review-bot/k8s-operator/controllers/prreviewjob_controller.go:482.47,485.3 2 1
github.com/calltelemetry/ct-review-bot/k8s-operator/controllers/prreviewjob_controller.go:486.2,486.50 1 1
github.com/calltelemetry/ct-review-bot/k8s-operator/controllers/prreviewjob_controller.go:486.50,488.3 1 1
github.com/calltelemetry/ct-review-bot/k8s-operator/controllers/prreviewjob_controller.go:490.2,490.15 1 1
github.com/calltelemetry/ct-review-bot/k8s-operator/controllers/prreviewjob_controller.go:490.15,492.3 1 1
github.com/calltelemetry/ct-review-bot/k8s-operator/controllers/prreviewjob_controller.go:493.2,493.25 1 1
github.com/calltelemetry/ct-review-bot/k8s-operator/controllers/prreviewjob_controller.go:493.25,495.3 1 1
github.com/calltelemetry/ct-review-bot/k8s-operator/controllers/prreviewjob_controller.go:496.2,496.16 1 1
github.com/calltelemetry/ct-review-bot/k8s-operator/controllers/prreviewjob_controller.go:496.16,498.3 1 1
github.com/calltelemetry/ct-review-bot/k8s-operator/controllers/prreviewjob_controller.go:500.2,500.39 1 1
github.com/calltelemetry/ct-review-bot/k8s-operator/pkg/metrics/metrics.go:51.24,52.25 1 1
github.com/calltelemetry/ct-review-bot/k8s-operator/pkg/metrics/metrics.go:52.25,58.3 1 1
github.com/calltelemetry/ct-review-bot/k8s-operator/pkg/metrics/metrics.go:62.55,65.2 2 1
github.com/calltelemetry/ct-review-bot/k8s-operator/pkg/metrics/metrics.go:68.41,69.18 1 1
github.com/calltelemetry/ct-review-bot/k8s-operator/pkg/metrics/metrics.go:69.18,71.3 1 1
github.com/calltelemetry/ct-review-bot/k8s-operator/pkg/cleanup/ttl.go:42.33,44.2 1 1
github.com/calltelemetry/ct-review-bot/k8s-operator/pkg/cleanup/ttl.go:47.112,48.121 1 1
github.com/calltelemetry/ct-review-bot/k8s-operator/pkg/cleanup/ttl.go:48.121,50.3 1 1
github.com/calltelemetry/ct-review-bot/k8s-operator/pkg/cleanup/ttl.go:51.2,51.38 1 1
github.com/calltelemetry/ct-review-bot/k8s-operator/pkg/cleanup/ttl.go:51.38,53.3 1 1
github.com/calltelemetry/ct-review-bot/k8s-operator/pkg/cleanup/ttl.go:55.2,56.17 2 1
github.com/calltelemetry/ct-review-bot/k8s-operator/pkg/cleanup/ttl.go:56.17,58.3 1 1
github.com/calltelemetry/ct-review-bot/k8s-operator/pkg/cleanup/ttl.go:60.2,63.33 3 1
github.com/calltelemetry/ct-review-bot/k8s-operator/pkg/cleanup/ttl.go:63.33,65.3 1 1
github.com/calltelemetry/ct-review-bot/k8s-operator/pkg/cleanup/ttl.go:67.2,67.39 1 1
github.com/calltelemetry/ct-review-bot/k8s-operator/pkg/cleanup/ttl.go:71.123,72.16 1 1
github.com/calltelemetry/ct-review-bot/k8s-operator/pkg/cleanup/ttl.go:72.16,74.3 1 1
github.com/calltelemetry/ct-review-bot/k8s-operator/pkg/cleanup/ttl.go:76.2,83.16 6 1
github.com/calltelemetry/ct-review-bot/k8s-operator/pkg/cleanup/ttl.go:83.16,85.131 2 1
github.com/calltelemetry/ct-review-bot/k8s-operator/pkg/cleanup/ttl.go:85.131,87.4 1 0
github.com/calltelemetry/ct-review-bot/k8s-operator/pkg/cleanup/ttl.go:88.8,88.36 1 1
github.com/calltelemetry/ct-review-bot/k8s-operator/pkg/cleanup/ttl.go:88.36,90.3 1 0
github.com/calltelemetry/ct-review-bot/k8s-operator/pkg/cleanup/ttl.go:93.2,95.16 3 1
github.com/calltelemetry/ct-review-bot/k8s-operator/pkg/cleanup/ttl.go:95.16,96.72 1 1
github.com/calltelemetry/ct-review-bot/k8s-operator/pkg/cleanup/ttl.go:96.72,98.4 1 0
github.com/calltelemetry/ct-review-bot/k8s-operator/pkg/cleanup/ttl.go:99.8,99.36 1 1
github.com/calltelemetry/ct-review-bot/k8s-operator/pkg/cleanup/ttl.go:99.36,101.3 1 0
github.com/calltelemetry/ct-review-bot/k8s-operator/pkg/cleanup/ttl.go:104.2,104.70 1 1
github.com/calltelemetry/ct-review-bot/k8s-operator/pkg/cleanup/ttl.go:104.70,106.3 1 0
github.com/calltelemetry/ct-review-bot/k8s-operator/pkg/cleanup/ttl.go:108.2,108.12 1 1
github.com/calltelemetry/ct-review-bot/k8s-operator/pkg/queue/manager.go:58.54,59.24 1 1
github.com/calltelemetry/ct-review-bot/k8s-operator/pkg/queue/manager.go:59.24,60.70 1 1
github.com/calltelemetry/ct-review-bot/k8s-operator/pkg/queue/manager.go:60.70,61.69 1 1
github.com/calltelemetry/ct-review-bot/k8s-operator/pkg/queue/manager.go:61.69,63.5 1 1
github.com/calltelemetry/ct-review-bot/k8s-operator/pkg/queue/manager.go:66.2,66.24 1 1
github.com/calltelemetry/ct-review-bot/k8s-operator/pkg/queue/manager.go:66.24,68.3 1 1
github.com/calltelemetry/ct-review-bot/k8s-operator/pkg/queue/manager.go:70.2,75.3 1 1
github.com/calltelemetry/ct-review-bot/k8s-operator/pkg/queue/manager.go:78.84,83.35 3 1
github.com/calltelemetry/ct-review-bot/k8s-operator/pkg/queue/manager.go:83.35,85.3 1 1
github.com/calltelemetry/ct-review-bot/k8s-operator/pkg/queue/manager.go:88.2,88.37 1 1
github.com/calltelemetry/ct-review-bot/k8s-operator/pkg/queue/manager.go:88.37,92.3 3 1
github.com/calltelemetry/ct-review-bot/k8s-operator/pkg/queue/manager.go:95.2,95.31 1 1
github.com/calltelemetry/ct-review-bot/k8s-operator/pkg/queue/manager.go:95.31,97.3 1 1
github.com/calltelemetry/ct-review-bot/k8s-operator/pkg/queue/manager.go:99.2,99.20 1 1
github.com/calltelemetry/ct-review-bot/k8s-operator/pkg/queue/manager.go:102.93,106.50 3 1
github.com/calltelemetry/ct-review-bot/k8s-operator/pkg/queue/manager.go:106.50,109.3 2 1
github.com/calltelemetry/ct-review-bot/k8s-operator/pkg/queue/manager.go:111.2,114.23 3 1
github.com/calltelemetry/ct-review-bot/k8s-operator/pkg/queue/manager.go:114.23,116.3 1 1
github.com/calltelemetry/ct-review-bot/k8s-operator/pkg/queue/manager.go:119.2,130.9 5 1
github.com/calltelemetry/ct-review-bot/k8s-operator/pkg/queue/manager.go:131.51,131.51 0 1
github.com/calltelemetry/ct-review-bot/k8s-operator/pkg/queue/manager.go:132.10,132.10 0 1
github.com/calltelemetry/ct-review-bot/k8s-operator/pkg/queue/manager.go:136.2,136.17 1 1
github.com/calltelemetry/ct-review-bot/k8s-operator/pkg/queue/manager.go:139.69,144.2 4 1
github.com/calltelemetry/ct-review-bot/k8s-operator/pkg/queue/manager.go:146.51,150.2 3 1
github.com/calltelemetry/ct-review-bot/k8s-operator/pkg/queue/manager.go:152.51,156.2 3 1
github.com/calltelemetry/ct-review-bot/k8s-operator/pkg/queue/manager.go:158.69,162.26 4 1
github.com/calltelemetry/ct-review-bot/k8s-operator/pkg/queue/manager.go:162.26,164.3 1 1
github.com/calltelemetry/ct-review-bot/k8s-operator/pkg/queue/manager.go:165.2,165.13 1 1
github.com/calltelemetry/ct-review-bot/k8s-operator/pkg/queue/manager.go:168.69,174.2 5 1
github.com/calltelemetry/ct-review-bot/k8s-operator/pkg/queue/manager.go:176.73,181.2 4 1
github.com/calltelemetry/ct-review-bot/k8s-operator/pkg/queue/manager.go:183.73,187.2 3 1
github.com/calltelemetry/ct-review-bot/k8s-operator/pkg/queue/manager.go:189.71,191.2 1 1
github.com/calltelemetry/ct-review-bot/k8s-operator/pkg/queue/manager.go:193.50,195.2 1 1
github.com/calltelemetry/ct-review-bot/k8s-operator/pkg/queue/manager.go:197.79,198.31 1 1
github.com/calltelemetry/ct-review-bot/k8s-operator/pkg/queue/manager.go:198.31,199.21 1 1
github.com/calltelemetry/ct-review-bot/k8s-operator/pkg/queue/manager.go:199.21,201.4 1 1
github.com/calltelemetry/ct-review-bot/k8s-operator/pkg/queue/manager.go:203.2,203.14 1 1
github.com/calltelemetry/ct-review-bot/k8s-operator/pkg/queue/manager.go:206.81,207.31 1 1
github.com/calltelemetry/ct-review-bot/k8s-operator/pkg/queue/manager.go:207.31,208.21 1 1
github.com/calltelemetry/ct-review-bot/k8s-operator/pkg/queue/manager.go:208.21,211.4 2 1
